// Vitest Snapshot v1, https://vitest.dev/guide/snapshot.html

exports[`Unused Import Test > GIVEN a file that imports from a module exporting a node builtin and does not use it THEN it should be removed by esbuild 1`] = `
"// tests/fixtures/input/unusedImport/exports.ts
var message = \\"Hello world\\";

// tests/fixtures/input/unusedImport/unusedImport.ts
console.log(message);
"
`;
